Archive member included because of file (symbol)

C:/NXP/S32DS_ARM_v2018.R1/S32DS/arm_ewl2/lib/armv6-m\libc99.a(exit.o)
                              C:/NXP/S32DS_ARM_v2018.R1/S32DS/arm_ewl2/lib/armv6-m/__arm_start.o (exit)
C:/NXP/S32DS_ARM_v2018.R1/S32DS/arm_ewl2/lib/armv6-m\libc99.a(memset.o)
                              C:/NXP/S32DS_ARM_v2018.R1/S32DS/arm_ewl2/lib/armv6-m/__arm_start.o (memset)
C:/NXP/S32DS_ARM_v2018.R1/S32DS/arm_ewl2/lib/armv6-m\libc99.a(__filll_mem.o)
                              C:/NXP/S32DS_ARM_v2018.R1/S32DS/arm_ewl2/lib/armv6-m\libc99.a(memset.o) (__fill_mem)
c:/nxp/s32ds_arm_v2018.r1/cross_tools/gcc-arm-none-eabi-4_9/bin/../lib/gcc/arm-none-eabi/4.9.3/armv6-m\libgcc.a(_udivsi3.o)
                              ./SDK/rtos/osif/osif_baremetal.o (__aeabi_uidiv)
c:/nxp/s32ds_arm_v2018.r1/cross_tools/gcc-arm-none-eabi-4_9/bin/../lib/gcc/arm-none-eabi/4.9.3/armv6-m\libgcc.a(_divsi3.o)
                              ./SDK/platform/drivers/src/lpspi/lpspi_shared_function.o (__aeabi_idivmod)
c:/nxp/s32ds_arm_v2018.r1/cross_tools/gcc-arm-none-eabi-4_9/bin/../lib/gcc/arm-none-eabi/4.9.3/armv6-m\libgcc.a(_dvmd_tls.o)
                              c:/nxp/s32ds_arm_v2018.r1/cross_tools/gcc-arm-none-eabi-4_9/bin/../lib/gcc/arm-none-eabi/4.9.3/armv6-m\libgcc.a(_udivsi3.o) (__aeabi_idiv0)
C:/NXP/S32DS_ARM_v2018.R1/S32DS/arm_ewl2/lib/armv6-m\librt.a(gcc_ctor_dtor.o)
                              C:/NXP/S32DS_ARM_v2018.R1/S32DS/arm_ewl2/lib/armv6-m/__arm_start.o (__init_cpp)
C:/NXP/S32DS_ARM_v2018.R1/S32DS/arm_ewl2/lib/armv6-m\librt.a(__arm_eabi_init.o)
                              C:/NXP/S32DS_ARM_v2018.R1/S32DS/arm_ewl2/lib/armv6-m\libc99.a(exit.o) (__destroy_global_chain)
C:/NXP/S32DS_ARM_v2018.R1/S32DS/arm_ewl2/lib/armv6-m\librt.a(ROMCopy.o)
                              C:/NXP/S32DS_ARM_v2018.R1/S32DS/arm_ewl2/lib/armv6-m/__arm_start.o (__copy_rom_sections_to_ram)

Allocating common symbols
Common symbol       size              file

g_xtal0ClkFreq      0x4               ./SDK/platform/drivers/src/clock/S32K1xx/clock_S32K1xx.o
canCom1_State       0x10c             ./Generated_Code/canCom1.o
g_RtcClkInFreq      0x4               ./SDK/platform/drivers/src/clock/S32K1xx/clock_S32K1xx.o
g_TClkFreq          0xc               ./SDK/platform/drivers/src/clock/S32K1xx/clock_S32K1xx.o
lpspiCom1State      0x34              ./Generated_Code/lpspiCom1.o
dmaController1_State
                    0x10              ./Generated_Code/dmaController1.o
dmaController1Chn0_State
                    0x10              ./Generated_Code/dmaController1.o

Discarded input sections

 .text          0x00000000        0x0 C:/NXP/S32DS_ARM_v2018.R1/S32DS/arm_ewl2/lib/armv6-m/__arm_start.o
 .data          0x00000000        0x0 C:/NXP/S32DS_ARM_v2018.R1/S32DS/arm_ewl2/lib/armv6-m/__arm_start.o
 .bss           0x00000000        0x0 C:/NXP/S32DS_ARM_v2018.R1/S32DS/arm_ewl2/lib/armv6-m/__arm_start.o
 .text.__thumb_startup
                0x00000000       0x3c C:/NXP/S32DS_ARM_v2018.R1/S32DS/arm_ewl2/lib/armv6-m/__arm_start.o
 .text.__iar_program_start
                0x00000000        0x4 C:/NXP/S32DS_ARM_v2018.R1/S32DS/arm_ewl2/lib/armv6-m/__arm_start.o
 .bss.argv      0x00000000        0x4 C:/NXP/S32DS_ARM_v2018.R1/S32DS/arm_ewl2/lib/armv6-m/__arm_start.o
 .debug_info    0x00000000      0x144 C:/NXP/S32DS_ARM_v2018.R1/S32DS/arm_ewl2/lib/armv6-m/__arm_start.o
 .debug_abbrev  0x00000000       0xc0 C:/NXP/S32DS_ARM_v2018.R1/S32DS/arm_ewl2/lib/armv6-m/__arm_start.o
 .debug_aranges
                0x00000000       0x28 C:/NXP/S32DS_ARM_v2018.R1/S32DS/arm_ewl2/lib/armv6-m/__arm_start.o
 .debug_line    0x00000000       0x68 C:/NXP/S32DS_ARM_v2018.R1/S32DS/arm_ewl2/lib/armv6-m/__arm_start.o
 .debug_str     0x00000000      0x270 C:/NXP/S32DS_ARM_v2018.R1/S32DS/arm_ewl2/lib/armv6-m/__arm_start.o
 .comment       0x00000000       0x71 C:/NXP/S32DS_ARM_v2018.R1/S32DS/arm_ewl2/lib/armv6-m/__arm_start.o
 .debug_frame   0x00000000       0x30 C:/NXP/S32DS_ARM_v2018.R1/S32DS/arm_ewl2/lib/armv6-m/__arm_start.o
 .ARM.attributes
                0x00000000       0x31 C:/NXP/S32DS_ARM_v2018.R1/S32DS/arm_ewl2/lib/armv6-m/__arm_start.o
 .group         0x00000000        0x8 ./Sources/main.o
 .group         0x00000000        0x8 ./Sources/main.o
 .group         0x00000000        0x8 ./Sources/main.o
 .group         0x00000000        0x8 ./Sources/main.o
 .group         0x00000000        0x8 ./Sources/main.o
 .group         0x00000000        0x8 ./Sources/main.o
 .group         0x00000000        0x8 ./Sources/main.o
 .group         0x00000000        0x8 ./Sources/main.o
 .group         0x00000000        0x8 ./Sources/main.o
 .group         0x00000000        0x8 ./Sources/main.o
 .group         0x00000000        0x8 ./Sources/main.o
 .group         0x00000000        0x8 ./Sources/main.o
 .group         0x00000000        0x8 ./Sources/main.o
 .group         0x00000000        0x8 ./Sources/main.o
 .group         0x00000000        0x8 ./Sources/main.o
[...]
Memory Configuration

Name             Origin             Length             Attributes
m_interrupts     0x20000000         0x000000c0         xr
m_text           0x200000c0         0x00002000         xr
m_data           0x200020c0         0x00001740         rw
*default*        0x00000000         0xffffffff

Linker script and memory map

LOAD C:/NXP/S32DS_ARM_v2018.R1/S32DS/arm_ewl2/lib/armv6-m/__arm_start.o
LOAD ./Sources/main.o
LOAD ./SDK/rtos/osif/osif_baremetal.o
LOAD ./SDK/platform/drivers/src/pins/pins_port_hw_access.o
LOAD ./SDK/platform/drivers/src/pins/pins_driver.o
LOAD ./SDK/platform/drivers/src/lpspi/lpspi_slave_driver.o
LOAD ./SDK/platform/drivers/src/lpspi/lpspi_shared_function.o
LOAD ./SDK/platform/drivers/src/lpspi/lpspi_master_driver.o
LOAD ./SDK/platform/drivers/src/lpspi/lpspi_irq.o
LOAD ./SDK/platform/drivers/src/lpspi/lpspi_hw_access.o
LOAD ./SDK/platform/drivers/src/interrupt/interrupt_manager.o
LOAD ./SDK/platform/drivers/src/flexcan/flexcan_irq.o
LOAD ./SDK/platform/drivers/src/flexcan/flexcan_hw_access.o
LOAD ./SDK/platform/drivers/src/flexcan/flexcan_driver.o
LOAD ./SDK/platform/drivers/src/edma/edma_irq.o
LOAD ./SDK/platform/drivers/src/edma/edma_hw_access.o
LOAD ./SDK/platform/drivers/src/edma/edma_driver.o
LOAD ./SDK/platform/drivers/src/clock/clock_manager.o
LOAD ./SDK/platform/drivers/src/clock/S32K1xx/clock_S32K1xx.o
LOAD ./SDK/platform/devices/startup.o
LOAD ./SDK/platform/devices/S32K116/startup/system_S32K116.o
LOAD ./Project_Settings/Startup_Code/startup_S32K116.o
LOAD ./Generated_Code/pin_mux.o
LOAD ./Generated_Code/lpspiCom1.o
LOAD ./Generated_Code/dmaController1.o
LOAD ./Generated_Code/clockMan1.o
LOAD ./Generated_Code/canCom1.o
LOAD ./Generated_Code/Cpu.o
START GROUP
LOAD C:/NXP/S32DS_ARM_v2018.R1/S32DS/arm_ewl2/lib/armv6-m\libc99.a
LOAD C:/NXP/S32DS_ARM_v2018.R1/S32DS/arm_ewl2/lib/armv6-m\libm.a
LOAD c:/nxp/s32ds_arm_v2018.r1/cross_tools/gcc-arm-none-eabi-4_9/bin/../lib/gcc/arm-none-eabi/4.9.3/armv6-m\libgcc.a
LOAD C:/NXP/S32DS_ARM_v2018.R1/S32DS/arm_ewl2/lib/armv6-m\librt.a
LOAD C:/NXP/S32DS_ARM_v2018.R1/S32DS/arm_ewl2/lib/armv6-m\libnoio.a
END GROUP
LOAD C:/NXP/S32DS_ARM_v2018.R1/S32DS/arm_ewl2/lib/armv6-m/__arm_end.o
                0x00000200                HEAP_SIZE = DEFINED (__heap_size__)?__heap_size__:0x200
                0x00000200                STACK_SIZE = DEFINED (__stack_size__)?__stack_size__:0x200

.interrupts     0x20000000       0xc0
                0x20000000                __VECTOR_TABLE = .
                0x20000000                . = ALIGN (0x4)
 *(.isr_vector)
 .isr_vector    0x20000000       0xc0 ./Project_Settings/Startup_Code/startup_S32K116.o
                0x20000000                __isr_vector
                0x200000c0                . = ALIGN (0x4)
                0x20000000                __VECTOR_RAM = __VECTOR_TABLE
                0x00000000                __RAM_VECTOR_TABLE_SIZE = 0x0

.text           0x200000c0     0x5108
                0x200000c0                . = ALIGN (0x4)
 *(.text)
 .text          0x200000c0       0x44 ./Project_Settings/Startup_Code/startup_S32K116.o
                0x200000c0                Reset_Handler
                0x20000100                ERM_fault_IRQHandler
                0x20000100                PendSV_Handler
                0x20000100                NMI_Handler
                0x20000100                LPIT0_IRQHandler
                0x20000100                ADC0_IRQHandler
                0x20000100                FTM0_Ovf_Reload_IRQHandler
                0x20000100                FTM1_Ch0_7_IRQHandler
                0x20000100                DefaultISR
                0x20000100                SCG_CMU_LVD_LVWSCG_IRQHandler
                0x20000100                FTM0_Ch0_7_IRQHandler
                0x20000100                RTC_IRQHandler
                0x20000100                PDB0_IRQHandler
                0x20000100                HardFault_Handler
                0x20000100                Reserved27_IRQHandler
                0x20000100                LPUART1_RxTx_IRQHandler
                0x20000100                RTC_Seconds_IRQHandler
                0x20000100                FTFC_IRQHandler
                0x20000100                FTM0_Fault_IRQHandler
                0x20000100                SVC_Handler
                0x20000100                RCM_IRQHandler
                0x20000100                FTM1_Fault_IRQHandler
                0x20000100                LPI2C0_Master_Slave_IRQHandler
                0x20000100                LPUART0_RxTx_IRQHandler
                0x20000100                WDOG_IRQHandler
                0x20000100                LPTMR0_IRQHandler
                0x20000100                FTM1_Ovf_Reload_IRQHandler
                0x20000100                CMP0_IRQHandler
                0x20000100                PORT_IRQHandler
                0x20000100                FLEXIO_IRQHandler
 .text          0x20000104      0x120 c:/nxp/s32ds_arm_v2018.r1/cross_tools/gcc-arm-none-eabi-4_9/bin/../lib/gcc/arm-none-eabi/4.9.3/armv6-m\libgcc.a(_udivsi3.o)
                0x20000104                __aeabi_uidiv
                0x20000104                __udivsi3
                0x20000210                __aeabi_uidivmod
 .text          0x20000224      0x1e0 c:/nxp/s32ds_arm_v2018.r1/cross_tools/gcc-arm-none-eabi-4_9/bin/../lib/gcc/arm-none-eabi/4.9.3/armv6-m\libgcc.a(_divsi3.o)
                0x20000224                __divsi3
                0x20000224                __aeabi_idiv
                0x200003f0                __aeabi_idivmod
 .text          0x20000404        0x4 c:/nxp/s32ds_arm_v2018.r1/cross_tools/gcc-arm-none-eabi-4_9/bin/../lib/gcc/arm-none-eabi/4.9.3/armv6-m\libgcc.a(_dvmd_tls.o)
                0x20000404                __aeabi_idiv0
                0x20000404                __aeabi_ldiv0
 *(.text*)
 .text.Init_Board
                0x20000408       0x84 ./Sources/main.o
                0x20000408                Init_Board
 .text.Init_SBC
                0x2000048c        0x8 ./Sources/main.o
                0x2000048c                Init_SBC
 .text.main     0x20000494       0x24 ./Sources/main.o
                0x20000494                main
 .text.osif_Tick
                0x200004b8       0x18 ./SDK/rtos/osif/osif_baremetal.o
 .text.SysTick_Handler
                0x200004d0        0xc ./SDK/rtos/osif/osif_baremetal.o
                0x200004d0                SysTick_Handler
 .text.osif_DisableIrqGlobal
                0x200004dc        0xc ./SDK/rtos/osif/osif_baremetal.o
 .text.osif_EnableIrqGlobal
                0x200004e8        0xc ./SDK/rtos/osif/osif_baremetal.o
 .text.OSIF_SemaPost
                0x200004f4       0x48 ./SDK/rtos/osif/osif_baremetal.o
                0x200004f4                OSIF_SemaPost
 .text.OSIF_SemaCreate
                0x2000053c       0x28 ./SDK/rtos/osif/osif_baremetal.o
                0x2000053c                OSIF_SemaCreate
 .text.OSIF_SemaDestroy
                0x20000564       0x14 ./SDK/rtos/osif/osif_baremetal.o
                0x20000564                OSIF_SemaDestroy
 .text.PINS_GPIO_WritePin
                0x20000578       0x40 ./SDK/platform/drivers/src/pins/pins_port_hw_access.o
 .text.PINS_Init
                0x200005b8      0x1b8 ./SDK/platform/drivers/src/pins/pins_port_hw_access.o
                0x200005b8                PINS_Init
 .text.PINS_GPIO_WritePin
                0x20000770       0x40 ./SDK/platform/drivers/src/pins/pins_driver.o
 .text.PINS_DRV_Init
                0x200007b0       0x68 ./SDK/platform/drivers/src/pins/pins_driver.o
                0x200007b0                PINS_DRV_Init
 .text.PINS_DRV_WritePin
                0x20000818       0x28 ./SDK/platform/drivers/src/pins/pins_driver.o
                0x20000818                PINS_DRV_WritePin
 .text.LPSPI_GetStatusFlag
                0x20000840       0x2c ./SDK/platform/drivers/src/lpspi/lpspi_slave_driver.o
 .text.LPSPI_SetIntMode
                0x2000086c       0x58 ./SDK/platform/drivers/src/lpspi/lpspi_slave_driver.o
 .text.LPSPI_SetTxDmaCmd
                0x200008c4       0x28 ./SDK/platform/drivers/src/lpspi/lpspi_slave_driver.o
 .text.LPSPI_SetRxDmaCmd
                0x200008ec       0x2c ./SDK/platform/drivers/src/lpspi/lpspi_slave_driver.o
 .text.LPSPI_DRV_SlaveIRQHandler
                0x20000918      0x160 ./SDK/platform/drivers/src/lpspi/lpspi_slave_driver.o
                0x20000918                LPSPI_DRV_SlaveIRQHandler
 .text.LPSPI_DRV_SlaveAbortTransfer
                0x20000a78       0xa4 ./SDK/platform/drivers/src/lpspi/lpspi_slave_driver.o
                0x20000a78                LPSPI_DRV_SlaveAbortTransfer
 .text.LPSPI_IsMaster
                0x20000b1c       0x20 ./SDK/platform/drivers/src/lpspi/lpspi_shared_function.o
 .text.LPSPI_SetIntMode
                0x20000b3c       0x58 ./SDK/platform/drivers/src/lpspi/lpspi_shared_function.o
 .text.LPSPI_WriteData
                0x20000b94       0x18 ./SDK/platform/drivers/src/lpspi/lpspi_shared_function.o
 .text.LPSPI_ReadData
                0x20000bac       0x14 ./SDK/platform/drivers/src/lpspi/lpspi_shared_function.o
 .text.LPSPI_ReadTxCount
                0x20000bc0       0x18 ./SDK/platform/drivers/src/lpspi/lpspi_shared_function.o
 .text.LPSPI_ReadRxCount
                0x20000bd8       0x1c ./SDK/platform/drivers/src/lpspi/lpspi_shared_function.o
 .text.LPSPI_ClearContCBit
                0x20000bf4       0x20 ./SDK/platform/drivers/src/lpspi/lpspi_shared_function.o
 .text.LPSPI_DRV_IRQHandler
                0x20000c14       0x40 ./SDK/platform/drivers/src/lpspi/lpspi_shared_function.o
                0x20000c14                LPSPI_DRV_IRQHandler
 .text.LPSPI_DRV_FillupTxBuffer
                0x20000c54      0x1e4 ./SDK/platform/drivers/src/lpspi/lpspi_shared_function.o
                0x20000c54                LPSPI_DRV_FillupTxBuffer
 .text.LPSPI_DRV_ReadRXBuffer
                0x20000e38      0x1e8 ./SDK/platform/drivers/src/lpspi/lpspi_shared_function.o
                0x20000e38                LPSPI_DRV_ReadRXBuffer
 .text.LPSPI_DRV_DisableTEIEInterrupts
                0x20001020       0x48 ./SDK/platform/drivers/src/lpspi/lpspi_shared_function.o
                0x20001020                LPSPI_DRV_DisableTEIEInterrupts
 .text.LPSPI_Enable
                0x20001068       0x1c ./SDK/platform/drivers/src/lpspi/lpspi_master_driver.o
 .text.LPSPI_GetStatusFlag
                0x20001084       0x2c ./SDK/platform/drivers/src/lpspi/lpspi_master_driver.o
 .text.LPSPI_SetIntMode
                0x200010b0       0x58 ./SDK/platform/drivers/src/lpspi/lpspi_master_driver.o
 .text.LPSPI_SetTxDmaCmd
                0x20001108       0x28 ./SDK/platform/drivers/src/lpspi/lpspi_master_driver.o
 .text.LPSPI_SetRxDmaCmd
                0x20001130       0x2c ./SDK/platform/drivers/src/lpspi/lpspi_master_driver.o
 .text.LPSPI_SetSamplingPoint
                0x2000115c       0x34 ./SDK/platform/drivers/src/lpspi/lpspi_master_driver.o
 .text.LPSPI_DRV_MasterInit
                0x20001190       0xcc ./SDK/platform/drivers/src/lpspi/lpspi_master_driver.o
                0x20001190                LPSPI_DRV_MasterInit
 .text.LPSPI_DRV_MasterConfigureBus
                0x2000125c      0x1b8 ./SDK/platform/drivers/src/lpspi/lpspi_master_driver.o
                0x2000125c                LPSPI_DRV_MasterConfigureBus
 .text.LPSPI_DRV_MasterAbortTransfer
                0x20001414       0x40 ./SDK/platform/drivers/src/lpspi/lpspi_master_driver.o
                0x20001414                LPSPI_DRV_MasterAbortTransfer
 .text.LPSPI_DRV_MasterCompleteTransfer
                0x20001454       0xb8 ./SDK/platform/drivers/src/lpspi/lpspi_master_driver.o
 .text.LPSPI_DRV_MasterIRQHandler
                0x2000150c      0x138 ./SDK/platform/drivers/src/lpspi/lpspi_master_driver.o
                0x2000150c                LPSPI_DRV_MasterIRQHandler
 .text.LPSPI0_IRQHandler
                0x20001644       0x10 ./SDK/platform/drivers/src/lpspi/lpspi_irq.o
                0x20001644                LPSPI0_IRQHandler
 .text.LPSPI_IsModuleEnabled
                0x20001654       0x20 ./SDK/platform/drivers/src/lpspi/lpspi_hw_access.o
 .text.LPSPI_IsMaster
                0x20001674       0x20 ./SDK/platform/drivers/src/lpspi/lpspi_hw_access.o
 .text.LPSPI_Init
                0x20001694       0x1c ./SDK/platform/drivers/src/lpspi/lpspi_hw_access.o
                0x20001694                LPSPI_Init
 .text.LPSPI_Disable
                0x200016b0       0x3c ./SDK/platform/drivers/src/lpspi/lpspi_hw_access.o
                0x200016b0                LPSPI_Disable
 .text.LPSPI_SetMasterSlaveMode
                0x200016ec       0x3c ./SDK/platform/drivers/src/lpspi/lpspi_hw_access.o
                0x200016ec                LPSPI_SetMasterSlaveMode
 .text.LPSPI_GetFifoSizes
                0x20001728       0x4c ./SDK/platform/drivers/src/lpspi/lpspi_hw_access.o
                0x20001728                LPSPI_GetFifoSizes
 .text.LPSPI_SetFlushFifoCmd
                0x20001774       0x40 ./SDK/platform/drivers/src/lpspi/lpspi_hw_access.o
                0x20001774                LPSPI_SetFlushFifoCmd
 .text.LPSPI_ClearStatusFlag
                0x200017b4       0x64 ./SDK/platform/drivers/src/lpspi/lpspi_hw_access.o
                0x200017b4                LPSPI_ClearStatusFlag
 .text.LPSPI_SetPcsPolarityMode
                0x20001818       0x64 ./SDK/platform/drivers/src/lpspi/lpspi_hw_access.o
                0x20001818                LPSPI_SetPcsPolarityMode
 .text.LPSPI_SetPinConfigMode
                0x2000187c       0x74 ./SDK/platform/drivers/src/lpspi/lpspi_hw_access.o
                0x2000187c                LPSPI_SetPinConfigMode
 .text.LPSPI_SetBaudRate
                0x200018f0      0x134 ./SDK/platform/drivers/src/lpspi/lpspi_hw_access.o
                0x200018f0                LPSPI_SetBaudRate
 .text.LPSPI_SetDelay
                0x20001a24       0x84 ./SDK/platform/drivers/src/lpspi/lpspi_hw_access.o
                0x20001a24                LPSPI_SetDelay
 .text.LPSPI_SetTxCommandReg
                0x20001aa8       0x74 ./SDK/platform/drivers/src/lpspi/lpspi_hw_access.o
                0x20001aa8                LPSPI_SetTxCommandReg
 .text.INT_SYS_EnableIRQ
                0x20001b1c       0x34 ./SDK/platform/drivers/src/interrupt/interrupt_manager.o
                0x20001b1c                INT_SYS_EnableIRQ
 .text.INT_SYS_EnableIRQGlobal
                0x20001b50       0x28 ./SDK/platform/drivers/src/interrupt/interrupt_manager.o
                0x20001b50                INT_SYS_EnableIRQGlobal
 .text.INT_SYS_DisableIRQGlobal
                0x20001b78       0x18 ./SDK/platform/drivers/src/interrupt/interrupt_manager.o
                0x20001b78                INT_SYS_DisableIRQGlobal
 .text.CAN0_ORed_Err_Wakeup_IRQHandler
                0x20001b90       0x10 ./SDK/platform/drivers/src/flexcan/flexcan_irq.o
                0x20001b90                CAN0_ORed_Err_Wakeup_IRQHandler
 .text.CAN0_ORed_0_31_MB_IRQHandler
                0x20001ba0       0x10 ./SDK/platform/drivers/src/flexcan/flexcan_irq.o
                0x20001ba0                CAN0_ORed_0_31_MB_IRQHandler
 .text.FLEXCAN_IsFDEnabled
                0x20001bb0       0x24 ./SDK/platform/drivers/src/flexcan/flexcan_hw_access.o
 .text.FLEXCAN_IsRxFifoEnabled
                0x20001bd4       0x24 ./SDK/platform/drivers/src/flexcan/flexcan_hw_access.o
 .text.RxFifoOcuppiedLastMsgBuff
                0x20001bf8       0x1c ./SDK/platform/drivers/src/flexcan/flexcan_hw_access.o
 .text.FLEXCAN_GetMsgBuffRegion
                0x20001c14       0xa0 ./SDK/platform/drivers/src/flexcan/flexcan_hw_access.o
 .text.FLEXCAN_ComputePayloadSize
                0x20001cb4       0x98 ./SDK/platform/drivers/src/flexcan/flexcan_hw_access.o
 .text.FLEXCAN_GetMaxMbNum
                0x20001d4c       0x5c ./SDK/platform/drivers/src/flexcan/flexcan_hw_access.o
 .text.FLEXCAN_ClearRAM
                0x20001da8       0x7c ./SDK/platform/drivers/src/flexcan/flexcan_hw_access.o
 .text.FLEXCAN_Enable
                0x20001e24       0x5c ./SDK/platform/drivers/src/flexcan/flexcan_hw_access.o
                0x20001e24                FLEXCAN_Enable
 .text.FLEXCAN_Disable
                0x20001e80       0x34 ./SDK/platform/drivers/src/flexcan/flexcan_hw_access.o
                0x20001e80                FLEXCAN_Disable
 .text.FLEXCAN_Init
                0x20001eb4       0x58 ./SDK/platform/drivers/src/flexcan/flexcan_hw_access.o
                0x20001eb4                FLEXCAN_Init
 .text.FLEXCAN_GetMsgBuff
                0x20001f0c      0x19c ./SDK/platform/drivers/src/flexcan/flexcan_hw_access.o
                0x20001f0c                FLEXCAN_GetMsgBuff
 .text.FLEXCAN_LockRxMsgBuff
                0x200020a8       0x58 ./SDK/platform/drivers/src/flexcan/flexcan_hw_access.o
                0x200020a8                FLEXCAN_LockRxMsgBuff
 .text.FLEXCAN_EnableRxFifo
                0x20002100       0x98 ./SDK/platform/drivers/src/flexcan/flexcan_hw_access.o
                0x20002100                FLEXCAN_EnableRxFifo
 .text.FLEXCAN_SetMaxMsgBuffNum
                0x20002198      0x114 ./SDK/platform/drivers/src/flexcan/flexcan_hw_access.o
                0x20002198                FLEXCAN_SetMaxMsgBuffNum
 .text.FLEXCAN_SetMsgBuffIntCmd
                0x200022ac       0x80 ./SDK/platform/drivers/src/flexcan/flexcan_hw_access.o
                0x200022ac                FLEXCAN_SetMsgBuffIntCmd
 .text.FLEXCAN_SetErrIntCmd
                0x2000232c       0x70 ./SDK/platform/drivers/src/flexcan/flexcan_hw_access.o
                0x2000232c                FLEXCAN_SetErrIntCmd
 .text.FLEXCAN_ExitFreezeMode
                0x2000239c       0x40 ./SDK/platform/drivers/src/flexcan/flexcan_hw_access.o
                0x2000239c                FLEXCAN_ExitFreezeMode
 .text.FLEXCAN_EnterFreezeMode
                0x200023dc       0x3c ./SDK/platform/drivers/src/flexcan/flexcan_hw_access.o
                0x200023dc                FLEXCAN_EnterFreezeMode
 .text.FLEXCAN_ClearErrIntStatusFlag
                0x20002418       0x20 ./SDK/platform/drivers/src/flexcan/flexcan_hw_access.o
                0x20002418                FLEXCAN_ClearErrIntStatusFlag
 .text.FLEXCAN_ReadRxFifo
                0x20002438       0xb8 ./SDK/platform/drivers/src/flexcan/flexcan_hw_access.o
                0x20002438                FLEXCAN_ReadRxFifo
 .text.FLEXCAN_SetOperationMode
                0x200024f0       0xb0 ./SDK/platform/drivers/src/flexcan/flexcan_hw_access.o
                0x200024f0                FLEXCAN_SetOperationMode
 .text.FLEXCAN_SetPayloadSize
                0x200025a0       0x4c ./SDK/platform/drivers/src/flexcan/flexcan_hw_access.o
                0x200025a0                FLEXCAN_SetPayloadSize
 .text.FLEXCAN_GetPayloadSize
                0x200025ec       0x4c ./SDK/platform/drivers/src/flexcan/flexcan_hw_access.o
                0x200025ec                FLEXCAN_GetPayloadSize
 .text.FLEXCAN_SelectClock
                0x20002638       0x34 ./SDK/platform/drivers/src/flexcan/flexcan_driver.o
 .text.FLEXCAN_SetTimeSegments
                0x2000266c       0x64 ./SDK/platform/drivers/src/flexcan/flexcan_driver.o
 .text.FLEXCAN_SetExtendedTimeSegments
                0x200026d0       0x68 ./SDK/platform/drivers/src/flexcan/flexcan_driver.o
 .text.FLEXCAN_SetFDTimeSegments
                0x20002738       0x78 ./SDK/platform/drivers/src/flexcan/flexcan_driver.o
 .text.FLEXCAN_SetFDEnabled
                0x200027b0       0x50 ./SDK/platform/drivers/src/flexcan/flexcan_driver.o
 .text.FLEXCAN_IsFDEnabled
                0x20002800       0x24 ./SDK/platform/drivers/src/flexcan/flexcan_driver.o
 .text.FLEXCAN_UnlockRxMsgBuff
                0x20002824       0x14 ./SDK/platform/drivers/src/flexcan/flexcan_driver.o
 .text.FLEXCAN_IsRxFifoEnabled
                0x20002838       0x24 ./SDK/platform/drivers/src/flexcan/flexcan_driver.o
 .text.FLEXCAN_GetMsgBuffIntStatusFlag
                0x2000285c       0x4c ./SDK/platform/drivers/src/flexcan/flexcan_driver.o
 .text.FLEXCAN_ClearMsgBuffIntStatusFlag
                0x200028a8       0x2c ./SDK/platform/drivers/src/flexcan/flexcan_driver.o
 .text.FLEXCAN_SetStuffBitCount
                0x200028d4       0x38 ./SDK/platform/drivers/src/flexcan/flexcan_driver.o
 .text.FLEXCAN_SetSelfReception
                0x2000290c       0x38 ./SDK/platform/drivers/src/flexcan/flexcan_driver.o
 .text.FLEXCAN_SetRxFifoDMA
                0x20002944       0x38 ./SDK/platform/drivers/src/flexcan/flexcan_driver.o
 .text.FLEXCAN_IsPNEnabled
                0x2000297c       0x24 ./SDK/platform/drivers/src/flexcan/flexcan_driver.o
 .text.FLEXCAN_GetWTOF
                0x200029a0       0x24 ./SDK/platform/drivers/src/flexcan/flexcan_driver.o
 .text.FLEXCAN_ClearWTOF
                0x200029c4       0x24 ./SDK/platform/drivers/src/flexcan/flexcan_driver.o
 .text.FLEXCAN_GetWUMF
                0x200029e8       0x24 ./SDK/platform/drivers/src/flexcan/flexcan_driver.o
 .text.FLEXCAN_ClearWUMF
                0x20002a0c       0x24 ./SDK/platform/drivers/src/flexcan/flexcan_driver.o
 .text.FLEXCAN_DRV_Init
                0x20002a30      0x2b8 ./SDK/platform/drivers/src/flexcan/flexcan_driver.o
                0x20002a30                FLEXCAN_DRV_Init
 .text.FLEXCAN_IRQHandler
                0x20002ce8      0x278 ./SDK/platform/drivers/src/flexcan/flexcan_driver.o
                0x20002ce8                FLEXCAN_IRQHandler
 .text.FLEXCAN_WakeUpHandler
                0x20002f60       0x98 ./SDK/platform/drivers/src/flexcan/flexcan_driver.o
                0x20002f60                FLEXCAN_WakeUpHandler
 .text.FLEXCAN_CompleteTransfer
                0x20002ff8       0x74 ./SDK/platform/drivers/src/flexcan/flexcan_driver.o
 .text.FLEXCAN_CompleteRxMessageFifoData
                0x2000306c       0xe8 ./SDK/platform/drivers/src/flexcan/flexcan_driver.o
 .text.EDMA_GetErrorIntStatusFlag
                0x20003154       0x14 ./SDK/platform/drivers/src/edma/edma_irq.o
 .text.DMA0_IRQHandler
                0x20003168       0x10 ./SDK/platform/drivers/src/edma/edma_irq.o
                0x20003168                DMA0_IRQHandler
 .text.DMA1_IRQHandler
                0x20003178       0x10 ./SDK/platform/drivers/src/edma/edma_irq.o
                0x20003178                DMA1_IRQHandler
 .text.DMA2_IRQHandler
                0x20003188       0x10 ./SDK/platform/drivers/src/edma/edma_irq.o
                0x20003188                DMA2_IRQHandler
 .text.DMA3_IRQHandler
                0x20003198       0x10 ./SDK/platform/drivers/src/edma/edma_irq.o
                0x20003198                DMA3_IRQHandler
 .text.DMA_Error_IRQHandler
                0x200031a8       0x68 ./SDK/platform/drivers/src/edma/edma_irq.o
                0x200031a8                DMA_Error_IRQHandler
 .text.EDMA_SetDmaRequestCmd
                0x20003210       0x38 ./SDK/platform/drivers/src/edma/edma_hw_access.o
                0x20003210                EDMA_SetDmaRequestCmd
 .text.EDMA_SetHaltCmd
                0x20003248       0x3c ./SDK/platform/drivers/src/edma/edma_driver.o
 .text.EDMA_ClearErrorIntStatusFlag
                0x20003284       0x1c ./SDK/platform/drivers/src/edma/edma_driver.o
 .text.EDMA_ClearDoneStatusFlag
                0x200032a0       0x1c ./SDK/platform/drivers/src/edma/edma_driver.o
 .text.EDMA_ClearIntStatusFlag
                0x200032bc       0x1c ./SDK/platform/drivers/src/edma/edma_driver.o
 .text.EDMA_DRV_ClearIntStatus
                0x200032d8       0x54 ./SDK/platform/drivers/src/edma/edma_driver.o
 .text.EDMA_DRV_IRQHandler
                0x2000332c       0x50 ./SDK/platform/drivers/src/edma/edma_driver.o
                0x2000332c                EDMA_DRV_IRQHandler
 .text.EDMA_DRV_ErrorIRQHandler
                0x2000337c       0xa4 ./SDK/platform/drivers/src/edma/edma_driver.o
                0x2000337c                EDMA_DRV_ErrorIRQHandler
 .text.EDMA_DRV_StopChannel
                0x20003420       0x4c ./SDK/platform/drivers/src/edma/edma_driver.o
                0x20003420                EDMA_DRV_StopChannel
 .text.EDMA_DRV_GetDmaRegBaseAddr
                0x2000346c       0x18 ./SDK/platform/drivers/src/edma/edma_driver.o
                0x2000346c                EDMA_DRV_GetDmaRegBaseAddr
 .text.CLOCK_SYS_Init
                0x20003484       0x58 ./SDK/platform/drivers/src/clock/clock_manager.o
                0x20003484                CLOCK_SYS_Init
 .text.CLOCK_SYS_UpdateConfiguration
                0x200034dc      0x200 ./SDK/platform/drivers/src/clock/clock_manager.o
                0x200034dc                CLOCK_SYS_UpdateConfiguration
 .text.SIM_SetLpoClocks
                0x200036dc       0x80 ./SDK/platform/drivers/src/clock/S32K1xx/clock_S32K1xx.o
 .text.SIM_SetEimClockGate
                0x2000375c       0x3c ./SDK/platform/drivers/src/clock/S32K1xx/clock_S32K1xx.o
 .text.SIM_SetErmClockGate
                0x20003798       0x3c ./SDK/platform/drivers/src/clock/S32K1xx/clock_S32K1xx.o
 .text.SIM_SetDmaClockGate
                0x200037d4       0x3c ./SDK/platform/drivers/src/clock/S32K1xx/clock_S32K1xx.o
 .text.SIM_SetMpuClockGate
                0x20003810       0x3c ./SDK/platform/drivers/src/clock/S32K1xx/clock_S32K1xx.o
 .text.SIM_SetMscmClockGate
                0x2000384c       0x3c ./SDK/platform/drivers/src/clock/S32K1xx/clock_S32K1xx.o
 .text.SIM_SetClockout
                0x20003888       0x68 ./SDK/platform/drivers/src/clock/S32K1xx/clock_S32K1xx.o
 .text.SIM_SetTraceClockSource
                0x200038f0       0x38 ./SDK/platform/drivers/src/clock/S32K1xx/clock_S32K1xx.o
 .text.SIM_ClearTraceClockConfig
                0x20003928       0x18 ./SDK/platform/drivers/src/clock/S32K1xx/clock_S32K1xx.o
 .text.SIM_SetTraceClockConfig
                0x20003940       0x44 ./SDK/platform/drivers/src/clock/S32K1xx/clock_S32K1xx.o
 .text.SCG_GetCurrentSystemClockSource
                0x20003984       0x1c ./SDK/platform/drivers/src/clock/S32K1xx/clock_S32K1xx.o
 .text.SCG_SetRunClockControl
                0x200039a0       0x44 ./SDK/platform/drivers/src/clock/S32K1xx/clock_S32K1xx.o
 .text.SCG_SetVlprClockControl
                0x200039e4       0x44 ./SDK/platform/drivers/src/clock/S32K1xx/clock_S32K1xx.o
 .text.SCG_SetFircAsyncConfig
                0x20003a28       0x30 ./SDK/platform/drivers/src/clock/S32K1xx/clock_S32K1xx.o
 .text.SCG_SetSircAsyncConfig
                0x20003a58       0x30 ./SDK/platform/drivers/src/clock/S32K1xx/clock_S32K1xx.o
 .text.SCG_SetSoscAsyncConfig
                0x20003a88       0x30 ./SDK/platform/drivers/src/clock/S32K1xx/clock_S32K1xx.o
 .text.SCG_SetClockoutSourceSel
                0x20003ab8       0x38 ./SDK/platform/drivers/src/clock/S32K1xx/clock_S32K1xx.o
 .text.SCG_GetSircSystemClockMode
                0x20003af0       0x30 ./SDK/platform/drivers/src/clock/S32K1xx/clock_S32K1xx.o
 .text.SCG_GetSircStatus
                0x20003b20       0x28 ./SDK/platform/drivers/src/clock/S32K1xx/clock_S32K1xx.o
 .text.SCG_GetSircRange
                0x20003b48       0x1c ./SDK/platform/drivers/src/clock/S32K1xx/clock_S32K1xx.o
 .text.SCG_ClearSircLock
                0x20003b64       0x28 ./SDK/platform/drivers/src/clock/S32K1xx/clock_S32K1xx.o
 .text.SCG_ClearSircControl
                0x20003b8c       0x18 ./SDK/platform/drivers/src/clock/S32K1xx/clock_S32K1xx.o
 .text.SCG_SetSircConfiguration
                0x20003ba4       0x28 ./SDK/platform/drivers/src/clock/S32K1xx/clock_S32K1xx.o
 .text.SCG_SetSircControl
                0x20003bcc       0x64 ./SDK/platform/drivers/src/clock/S32K1xx/clock_S32K1xx.o
 .text.SCG_GetFircSystemClockMode
                0x20003c30       0x30 ./SDK/platform/drivers/src/clock/S32K1xx/clock_S32K1xx.o
 .text.SCG_GetFircStatus
                0x20003c60       0x28 ./SDK/platform/drivers/src/clock/S32K1xx/clock_S32K1xx.o
 .text.SCG_GetFircRange
                0x20003c88       0x1c ./SDK/platform/drivers/src/clock/S32K1xx/clock_S32K1xx.o
 .text.SCG_ClearFircLock
                0x20003ca4       0x28 ./SDK/platform/drivers/src/clock/S32K1xx/clock_S32K1xx.o
 .text.SCG_ClearFircControl
                0x20003ccc       0x1c ./SDK/platform/drivers/src/clock/S32K1xx/clock_S32K1xx.o
 .text.SCG_SetFircConfiguration
                0x20003ce8       0x28 ./SDK/platform/drivers/src/clock/S32K1xx/clock_S32K1xx.o
 .text.SCG_SetFircControl
                0x20003d10       0x4c ./SDK/platform/drivers/src/clock/S32K1xx/clock_S32K1xx.o
 .text.SCG_GetSoscSystemClockMode
                0x20003d5c       0x30 ./SDK/platform/drivers/src/clock/S32K1xx/clock_S32K1xx.o
 .text.SCG_GetSoscStatus
                0x20003d8c       0x28 ./SDK/platform/drivers/src/clock/S32K1xx/clock_S32K1xx.o
 .text.SCG_ClearSoscLock
                0x20003db4       0x28 ./SDK/platform/drivers/src/clock/S32K1xx/clock_S32K1xx.o
 .text.SCG_ClearSoscControl
                0x20003ddc       0x1c ./SDK/platform/drivers/src/clock/S32K1xx/clock_S32K1xx.o
 .text.SCG_SetSoscConfiguration
                0x20003df8       0x3c ./SDK/platform/drivers/src/clock/S32K1xx/clock_S32K1xx.o
 .text.SCG_SetSoscControl
                0x20003e34       0x68 ./SDK/platform/drivers/src/clock/S32K1xx/clock_S32K1xx.o
 .text.PCC_SetPeripheralClockControl
                0x20003e9c       0x70 ./SDK/platform/drivers/src/clock/S32K1xx/clock_S32K1xx.o
 .text.PCC_SetClockMode
                0x20003f0c       0x88 ./SDK/platform/drivers/src/clock/S32K1xx/clock_S32K1xx.o
 .text.PMC_SetLpoMode
                0x20003f94       0x54 ./SDK/platform/drivers/src/clock/S32K1xx/clock_S32K1xx.o
 .text.PMC_SetLpoTrimValue
                0x20003fe8       0x94 ./SDK/platform/drivers/src/clock/S32K1xx/clock_S32K1xx.o
 .text.SMC_GetCurrentRunningMode
                0x2000407c       0x18 ./SDK/platform/drivers/src/clock/S32K1xx/clock_S32K1xx.o
 .text.CLOCK_SYS_SetConfiguration
                0x20004094       0x80 ./SDK/platform/drivers/src/clock/S32K1xx/clock_S32K1xx.o
                0x20004094                CLOCK_SYS_SetConfiguration
 .text.CLOCK_SYS_SetScgConfiguration
                0x20004114       0xc8 ./SDK/platform/drivers/src/clock/S32K1xx/clock_S32K1xx.o
 .text.CLOCK_SYS_SetPccConfiguration
                0x200041dc       0xb8 ./SDK/platform/drivers/src/clock/S32K1xx/clock_S32K1xx.o
 .text.CLOCK_SYS_SetSimConfiguration
                0x20004294      0x160 ./SDK/platform/drivers/src/clock/S32K1xx/clock_S32K1xx.o
 .text.CLOCK_SYS_SetPmcConfiguration
                0x200043f4       0x38 ./SDK/platform/drivers/src/clock/S32K1xx/clock_S32K1xx.o
 .text.CLOCK_SYS_GetDefaultConfiguration
                0x2000442c      0x228 ./SDK/platform/drivers/src/clock/S32K1xx/clock_S32K1xx.o
 .text.CLOCK_SYS_GetCurrentRunMode
                0x20004654       0x50 ./SDK/platform/drivers/src/clock/S32K1xx/clock_S32K1xx.o
 .text.CLOCK_SYS_TransitionSystemClock
                0x200046a4       0x80 ./SDK/platform/drivers/src/clock/S32K1xx/clock_S32K1xx.o
 .text.CLOCK_SYS_ConfigureSIRC
                0x20004724      0x100 ./SDK/platform/drivers/src/clock/S32K1xx/clock_S32K1xx.o
 .text.CLOCK_SYS_ConfigureFIRC
                0x20004824      0x108 ./SDK/platform/drivers/src/clock/S32K1xx/clock_S32K1xx.o
 .text.CLOCK_SYS_ConfigureSOSC
                0x2000492c      0x170 ./SDK/platform/drivers/src/clock/S32K1xx/clock_S32K1xx.o
 .text.CLOCK_SYS_ConfigureTemporarySystemClock
                0x20004a9c       0x70 ./SDK/platform/drivers/src/clock/S32K1xx/clock_S32K1xx.o
 .text.CLOCK_SYS_ConfigureModulesFromScg
                0x20004b0c      0x1e8 ./SDK/platform/drivers/src/clock/S32K1xx/clock_S32K1xx.o
 .text.CLOCK_SYS_SetSystemClockConfig
                0x20004cf4      0x180 ./SDK/platform/drivers/src/clock/S32K1xx/clock_S32K1xx.o
 .text.CLOCK_SYS_GetSysOscFreq
                0x20004e74       0x30 ./SDK/platform/drivers/src/clock/S32K1xx/clock_S32K1xx.o
 .text.CLOCK_SYS_GetSircFreq
                0x20004ea4       0x44 ./SDK/platform/drivers/src/clock/S32K1xx/clock_S32K1xx.o
 .text.CLOCK_SYS_GetFircFreq
                0x20004ee8       0x3c ./SDK/platform/drivers/src/clock/S32K1xx/clock_S32K1xx.o
 .text.init_data_bss
                0x20004f24      0x11c ./SDK/platform/devices/startup.o
                0x20004f24                init_data_bss
 .text.SystemInit
                0x20005040       0x30 ./SDK/platform/devices/S32K116/startup/system_S32K116.o
                0x20005040                SystemInit
 *(.rodata)
 .rodata        0x20005070       0x24 ./SDK/platform/drivers/src/clock/S32K1xx/clock_S32K1xx.o
 *(.rodata*)
 .rodata.s_baudratePrescaler
                0x20005094       0x20 ./SDK/platform/drivers/src/lpspi/lpspi_hw_access.o
 .rodata.FLEXCAN_ComputePayloadSize
                0x200050b4       0x1c ./SDK/platform/drivers/src/flexcan/flexcan_hw_access.o
 .rodata.g_flexcanOredMessageBufferIrqId
                0x200050d0        0x2 ./SDK/platform/drivers/src/flexcan/flexcan_driver.o
 *fill*         0x200050d2        0x2 
 .rodata.clockNameMappings
                0x200050d4       0x8a ./SDK/platform/drivers/src/clock/S32K1xx/clock_S32K1xx.o
                0x200050d4                clockNameMappings
 *fill*         0x2000515e        0x2 
 .rodata.fircFreq.6194
                0x20005160       0x10 ./SDK/platform/drivers/src/clock/S32K1xx/clock_S32K1xx.o
 .rodata.lpspiCom1_MasterConfig0
                0x20005170       0x20 ./Generated_Code/lpspiCom1.o
                0x20005170                lpspiCom1_MasterConfig0
 .rodata.canCom1_InitConfig0
                0x20005190       0x38 ./Generated_Code/canCom1.o
                0x20005190                canCom1_InitConfig0
 *(.glue_7)
 .glue_7        0x00000000        0x0 linker stubs
 *(.glue_7t)
 .glue_7t       0x00000000        0x0 linker stubs
 *(.eh_frame)
 *(.init)
 *(.fini)
                0x200051c8                . = ALIGN (0x4)

.vfp11_veneer   0x200051c8        0x0
 .vfp11_veneer  0x00000000        0x0 linker stubs

.v4_bx          0x200051c8        0x0
 .v4_bx         0x00000000        0x0 linker stubs

.iplt           0x200051c8        0x0
 .iplt          0x00000000        0x0 C:/NXP/S32DS_ARM_v2018.R1/S32DS/arm_ewl2/lib/armv6-m/__arm_start.o

.rel.dyn        0x200051c8        0x0
 .rel.iplt      0x00000000        0x0 C:/NXP/S32DS_ARM_v2018.R1/S32DS/arm_ewl2/lib/armv6-m/__arm_start.o

.code_ram       0x200051c8        0x0
                0x200051c8                . = ALIGN (0x4)
                0x200051c8                __CODE_RAM = .
 *(.code_ram)
                0x200051c8                __CODE_ROM = .
                0x200051c8                __CODE_END = .
                0x200051c8                . = ALIGN (0x4)

.ARM.extab
 *(.ARM.extab* .gnu.linkonce.armextab.*)

.ARM            0x200051c8        0x0
                0x200051c8                __exidx_start = .
 *(.ARM.exidx*)
                0x200051c8                __exidx_end = .

.ctors          0x200051c8        0x0
                0x200051c8                __CTOR_LIST__ = .
 *crtbegin.o(.ctors)
 *crtbegin?.o(.ctors)
 *(EXCLUDE_FILE(*crtend.o *crtend?.o) .ctors)
 *(SORT(.ctors.*))
 *(.ctors)
                0x200051c8                __CTOR_END__ = .

.dtors          0x200051c8        0x0
                0x200051c8                __DTOR_LIST__ = .
 *crtbegin.o(.dtors)
 *crtbegin?.o(.dtors)
 *(EXCLUDE_FILE(*crtend.o *crtend?.o) .dtors)
 *(SORT(.dtors.*))
 *(.dtors)
                0x200051c8                __DTOR_END__ = .

.preinit_array  0x200051c8        0x0
                0x200051c8                PROVIDE (__preinit_array_start, .)
 *(.preinit_array*)
                0x200051c8                PROVIDE (__preinit_array_end, .)

.init_array     0x200051c8        0x0
                0x200051c8                PROVIDE (__init_array_start, .)
 *(SORT(.init_array.*))
 *(.init_array*)
                0x200051c8                PROVIDE (__init_array_end, .)

.fini_array     0x200051c8        0x0
                0x200051c8                PROVIDE (__fini_array_start, .)
 *(SORT(.fini_array.*))
 *(.fini_array*)
                0x200051c8                PROVIDE (__fini_array_end, .)
                0x200051c8                __etext = .
                0x200051c8                __DATA_ROM = .
                0x200051c8                __DATA_END = __DATA_ROM

.customSectionBlock
 *(.customSection)

.data           0x200020c0      0x520
                0x200020c0                . = ALIGN (0x4)
                0x200020c0                __DATA_RAM = .
                0x200020c0                __data_start__ = .
 *(.data)
 *(.data*)
 .data.g_lpspiBase
                0x200020c0        0x4 ./SDK/platform/drivers/src/lpspi/lpspi_shared_function.o
                0x200020c0                g_lpspiBase
 .data.g_lpspiIrqId
                0x200020c4        0x1 ./SDK/platform/drivers/src/lpspi/lpspi_shared_function.o
                0x200020c4                g_lpspiIrqId
 *fill*         0x200020c5        0x3 
 .data.peripheralClockConfig.5951
                0x200020c8       0x6e ./SDK/platform/drivers/src/clock/S32K1xx/clock_S32K1xx.o
 *fill*         0x20002136        0x2 
 .data.g_pin_mux_InitConfigArr
                0x20002138      0x408 ./Generated_Code/pin_mux.o
                0x20002138                g_pin_mux_InitConfigArr
 .data.peripheralClockConfig0
                0x20002540       0x23 ./Generated_Code/clockMan1.o
                0x20002540                peripheralClockConfig0
 *fill*         0x20002563        0x1 
 .data.clockMan1_InitConfig0
                0x20002564       0x78 ./Generated_Code/clockMan1.o
                0x20002564                clockMan1_InitConfig0
 .data.g_clockManConfigsArr
                0x200025dc        0x4 ./Generated_Code/clockMan1.o
                0x200025dc                g_clockManConfigsArr
 *(.jcr*)
                0x200025e0                . = ALIGN (0x4)
                0x200025e0                __data_end__ = .

.igot.plt       0x200025e0        0x0
 .igot.plt      0x00000000        0x0 C:/NXP/S32DS_ARM_v2018.R1/S32DS/arm_ewl2/lib/armv6-m/__arm_start.o

.bss            0x200025e0      0x180
                0x200025e0                . = ALIGN (0x4)
                0x200025e0                __BSS_START = .
                0x200025e0                __bss_start__ = .
 *(.bss)
 *(.bss*)
 .bss.exit_code
                0x200025e0        0x4 ./Sources/main.o
                0x200025e0                exit_code
 .bss.s_osif_tick_cnt
                0x200025e4        0x4 ./SDK/rtos/osif/osif_baremetal.o
 .bss.g_lpspiStatePtr
                0x200025e8        0x4 ./SDK/platform/drivers/src/lpspi/lpspi_shared_function.o
                0x200025e8                g_lpspiStatePtr
 .bss.g_interruptDisableCount
                0x200025ec        0x4 ./SDK/platform/drivers/src/interrupt/interrupt_manager.o
 .bss.g_flexcanStatePtr
                0x200025f0        0x4 ./SDK/platform/drivers/src/flexcan/flexcan_driver.o
 .bss.s_virtEdmaState
                0x200025f4        0x4 ./SDK/platform/drivers/src/edma/edma_driver.o
 .bss.g_clockState
                0x200025f8       0x10 ./SDK/platform/drivers/src/clock/clock_manager.o
 .bss.g_clockManCallbacksArr
                0x20002608        0x4 ./Generated_Code/clockMan1.o
                0x20002608                g_clockManCallbacksArr
 *(COMMON)
 COMMON         0x2000260c       0x14 ./SDK/platform/drivers/src/clock/S32K1xx/clock_S32K1xx.o
                0x2000260c                g_xtal0ClkFreq
                0x20002610                g_RtcClkInFreq
                0x20002614                g_TClkFreq
 COMMON         0x20002620       0x34 ./Generated_Code/lpspiCom1.o
                0x20002620                lpspiCom1State
 COMMON         0x20002654      0x10c ./Generated_Code/canCom1.o
                0x20002654                canCom1_State
                0x20002760                . = ALIGN (0x4)
                0x20002760                __bss_end__ = .
                0x20002760                __BSS_END = .

.heap           0x20002760      0x200
                0x20002760                . = ALIGN (0x8)
                0x20002760                __end__ = .
                0x20002760                PROVIDE (end, .)
                0x20002760                PROVIDE (_end, .)
                0x20002760                PROVIDE (__end, .)
                0x20002760                __HeapBase = .
                0x20002960                . = (. + HEAP_SIZE)
 *fill*         0x20002760      0x200 
                0x20002960                __HeapLimit = .
                0x20002960                __heap_limit = .

.stack          0x20002960      0x200
                0x20002960                . = ALIGN (0x8)
                0x20002b60                . = (. + STACK_SIZE)
 *fill*         0x20002960      0x200 
                0x20003800                __StackTop = (ORIGIN (m_data) + 0x1740)
                0x20003600                __StackLimit = (__StackTop - STACK_SIZE)
                0x20003800                PROVIDE (__stack, __StackTop)

.ARM.attributes
                0x00000000       0x29
 *(.ARM.attributes)
 .ARM.attributes
                0x00000000       0x32 ./Sources/main.o
 .ARM.attributes
                0x00000032       0x32 ./SDK/rtos/osif/osif_baremetal.o
 .ARM.attributes
                0x00000064       0x32 ./SDK/platform/drivers/src/pins/pins_port_hw_access.o
 .ARM.attributes
                0x00000096       0x32 ./SDK/platform/drivers/src/pins/pins_driver.o
 .ARM.attributes
                0x000000c8       0x32 ./SDK/platform/drivers/src/lpspi/lpspi_slave_driver.o
 .ARM.attributes
                0x000000fa       0x32 ./SDK/platform/drivers/src/lpspi/lpspi_shared_function.o
 .ARM.attributes
                0x0000012c       0x32 ./SDK/platform/drivers/src/lpspi/lpspi_master_driver.o
 .ARM.attributes
                0x0000015e       0x32 ./SDK/platform/drivers/src/lpspi/lpspi_irq.o
 .ARM.attributes
                0x00000190       0x32 ./SDK/platform/drivers/src/lpspi/lpspi_hw_access.o
 .ARM.attributes
                0x000001c2       0x32 ./SDK/platform/drivers/src/interrupt/interrupt_manager.o
 .ARM.attributes
                0x000001f4       0x32 ./SDK/platform/drivers/src/flexcan/flexcan_irq.o
 .ARM.attributes
                0x00000226       0x32 ./SDK/platform/drivers/src/flexcan/flexcan_hw_access.o
 .ARM.attributes
                0x00000258       0x32 ./SDK/platform/drivers/src/flexcan/flexcan_driver.o
 .ARM.attributes
                0x0000028a       0x32 ./SDK/platform/drivers/src/edma/edma_irq.o
 .ARM.attributes
                0x000002bc       0x32 ./SDK/platform/drivers/src/edma/edma_hw_access.o
 .ARM.attributes
                0x000002ee       0x32 ./SDK/platform/drivers/src/edma/edma_driver.o
 .ARM.attributes
                0x00000320       0x32 ./SDK/platform/drivers/src/clock/clock_manager.o
 .ARM.attributes
                0x00000352       0x32 ./SDK/platform/drivers/src/clock/S32K1xx/clock_S32K1xx.o
 .ARM.attributes
                0x00000384       0x32 ./SDK/platform/devices/startup.o
 .ARM.attributes
                0x000003b6       0x32 ./SDK/platform/devices/S32K116/startup/system_S32K116.o
 .ARM.attributes
                0x000003e8       0x1b ./Project_Settings/Startup_Code/startup_S32K116.o
 .ARM.attributes
                0x00000403       0x32 ./Generated_Code/pin_mux.o
 .ARM.attributes
                0x00000435       0x32 ./Generated_Code/lpspiCom1.o
 .ARM.attributes
                0x00000467       0x32 ./Generated_Code/clockMan1.o
 .ARM.attributes
                0x00000499       0x32 ./Generated_Code/canCom1.o
 .ARM.attributes
                0x000004cb       0x1e c:/nxp/s32ds_arm_v2018.r1/cross_tools/gcc-arm-none-eabi-4_9/bin/../lib/gcc/arm-none-eabi/4.9.3/armv6-m\libgcc.a(_udivsi3.o)
 .ARM.attributes
                0x000004e9       0x1e c:/nxp/s32ds_arm_v2018.r1/cross_tools/gcc-arm-none-eabi-4_9/bin/../lib/gcc/arm-none-eabi/4.9.3/armv6-m\libgcc.a(_divsi3.o)
 .ARM.attributes
                0x00000507       0x1e c:/nxp/s32ds_arm_v2018.r1/cross_tools/gcc-arm-none-eabi-4_9/bin/../lib/gcc/arm-none-eabi/4.9.3/armv6-m\libgcc.a(_dvmd_tls.o)
                0x00000001                ASSERT ((__StackLimit >= __HeapLimit), region m_data overflowed with stack and heap)

/DISCARD/
 *(.FlashConfig)
OUTPUT(ControlBoard_CORE.elf elf32-littlearm)

.debug_info     0x00000000    0x1601e
 .debug_info    0x00000000     0x1a80 ./Sources/main.o
 .debug_info    0x00001a80      0x825 ./SDK/rtos/osif/osif_baremetal.o
 .debug_info    0x000022a5      0x7a5 ./SDK/platform/drivers/src/pins/pins_port_hw_access.o
 .debug_info    0x00002a4a     0x10a2 ./SDK/platform/drivers/src/pins/pins_driver.o
 .debug_info    0x00003aec     0x10ba ./SDK/platform/drivers/src/lpspi/lpspi_slave_driver.o
 .debug_info    0x00004ba6      0x9d5 ./SDK/platform/drivers/src/lpspi/lpspi_shared_function.o
 .debug_info    0x0000557b     0x1495 ./SDK/platform/drivers/src/lpspi/lpspi_master_driver.o
 .debug_info    0x00006a10       0x8f ./SDK/platform/drivers/src/lpspi/lpspi_irq.o
 .debug_info    0x00006a9f     0x102a ./SDK/platform/drivers/src/lpspi/lpspi_hw_access.o
 .debug_info    0x00007ac9      0x67e ./SDK/platform/drivers/src/interrupt/interrupt_manager.o
 .debug_info    0x00008147       0x99 ./SDK/platform/drivers/src/flexcan/flexcan_irq.o
 .debug_info    0x000081e0     0x1719 ./SDK/platform/drivers/src/flexcan/flexcan_hw_access.o
 .debug_info    0x000098f9     0x25d2 ./SDK/platform/drivers/src/flexcan/flexcan_driver.o
 .debug_info    0x0000becb      0x50b ./SDK/platform/drivers/src/edma/edma_irq.o
 .debug_info    0x0000c3d6      0x8f6 ./SDK/platform/drivers/src/edma/edma_hw_access.o
 .debug_info    0x0000cccc     0x2779 ./SDK/platform/drivers/src/edma/edma_driver.o
 .debug_info    0x0000f445     0x1157 ./SDK/platform/drivers/src/clock/clock_manager.o
 .debug_info    0x0001059c     0x32af ./SDK/platform/drivers/src/clock/S32K1xx/clock_S32K1xx.o
 .debug_info    0x0001384b      0x380 ./SDK/platform/devices/startup.o
 .debug_info    0x00013bcb      0x3d8 ./SDK/platform/devices/S32K116/startup/system_S32K116.o
 .debug_info    0x00013fa3       0xb2 ./Project_Settings/Startup_Code/startup_S32K116.o
 .debug_info    0x00014055      0x3d2 ./Generated_Code/pin_mux.o
 .debug_info    0x00014427      0x5f5 ./Generated_Code/lpspiCom1.o
 .debug_info    0x00014a1c     0x1035 ./Generated_Code/clockMan1.o
 .debug_info    0x00015a51      0x5cd ./Generated_Code/canCom1.o

.debug_abbrev   0x00000000     0x25e2
 .debug_abbrev  0x00000000      0x1c1 ./Sources/main.o
 .debug_abbrev  0x000001c1      0x1fc ./SDK/rtos/osif/osif_baremetal.o
 .debug_abbrev  0x000003bd      0x144 ./SDK/platform/drivers/src/pins/pins_port_hw_access.o
 .debug_abbrev  0x00000501      0x234 ./SDK/platform/drivers/src/pins/pins_driver.o
 .debug_abbrev  0x00000735      0x205 ./SDK/platform/drivers/src/lpspi/lpspi_slave_driver.o
 .debug_abbrev  0x0000093a      0x1cb ./SDK/platform/drivers/src/lpspi/lpspi_shared_function.o
 .debug_abbrev  0x00000b05      0x21f ./SDK/platform/drivers/src/lpspi/lpspi_master_driver.o
 .debug_abbrev  0x00000d24       0x45 ./SDK/platform/drivers/src/lpspi/lpspi_irq.o
 .debug_abbrev  0x00000d69      0x215 ./SDK/platform/drivers/src/lpspi/lpspi_hw_access.o
 .debug_abbrev  0x00000f7e      0x199 ./SDK/platform/drivers/src/interrupt/interrupt_manager.o
 .debug_abbrev  0x00001117       0x45 ./SDK/platform/drivers/src/flexcan/flexcan_irq.o
 .debug_abbrev  0x0000115c      0x288 ./SDK/platform/drivers/src/flexcan/flexcan_hw_access.o
 .debug_abbrev  0x000013e4      0x2d1 ./SDK/platform/drivers/src/flexcan/flexcan_driver.o
 .debug_abbrev  0x000016b5      0x169 ./SDK/platform/drivers/src/edma/edma_irq.o
 .debug_abbrev  0x0000181e      0x1cc ./SDK/platform/drivers/src/edma/edma_hw_access.o
 .debug_abbrev  0x000019ea      0x28c ./SDK/platform/drivers/src/edma/edma_driver.o
 .debug_abbrev  0x00001c76      0x16b ./SDK/platform/drivers/src/clock/clock_manager.o
 .debug_abbrev  0x00001de1      0x22f ./SDK/platform/drivers/src/clock/S32K1xx/clock_S32K1xx.o
 .debug_abbrev  0x00002010      0x101 ./SDK/platform/devices/startup.o
 .debug_abbrev  0x00002111      0x132 ./SDK/platform/devices/S32K116/startup/system_S32K116.o
 .debug_abbrev  0x00002243       0x14 ./Project_Settings/Startup_Code/startup_S32K116.o
 .debug_abbrev  0x00002257       0xbe ./Generated_Code/pin_mux.o
 .debug_abbrev  0x00002315       0xc3 ./Generated_Code/lpspiCom1.o
 .debug_abbrev  0x000023d8      0x10a ./Generated_Code/clockMan1.o
 .debug_abbrev  0x000024e2      0x100 ./Generated_Code/canCom1.o

.debug_aranges  0x00000000     0x1140
 .debug_aranges
                0x00000000       0x30 ./Sources/main.o
 .debug_aranges
                0x00000030       0x98 ./SDK/rtos/osif/osif_baremetal.o
 .debug_aranges
                0x000000c8       0x38 ./SDK/platform/drivers/src/pins/pins_port_hw_access.o
 .debug_aranges
                0x00000100      0x170 ./SDK/platform/drivers/src/pins/pins_driver.o
 .debug_aranges
                0x00000270       0x90 ./SDK/platform/drivers/src/lpspi/lpspi_slave_driver.o
 .debug_aranges
                0x00000300       0x70 ./SDK/platform/drivers/src/lpspi/lpspi_shared_function.o
 .debug_aranges
                0x00000370       0xe0 ./SDK/platform/drivers/src/lpspi/lpspi_master_driver.o
 .debug_aranges
                0x00000450       0x20 ./SDK/platform/drivers/src/lpspi/lpspi_irq.o
 .debug_aranges
                0x00000470       0xd8 ./SDK/platform/drivers/src/lpspi/lpspi_hw_access.o
 .debug_aranges
                0x00000548       0x68 ./SDK/platform/drivers/src/interrupt/interrupt_manager.o
 .debug_aranges
                0x000005b0       0x28 ./SDK/platform/drivers/src/flexcan/flexcan_irq.o
 .debug_aranges
                0x000005d8      0x140 ./SDK/platform/drivers/src/flexcan/flexcan_hw_access.o
 .debug_aranges
                0x00000718      0x260 ./SDK/platform/drivers/src/flexcan/flexcan_driver.o
 .debug_aranges
                0x00000978       0xa8 ./SDK/platform/drivers/src/edma/edma_irq.o
 .debug_aranges
                0x00000a20       0x88 ./SDK/platform/drivers/src/edma/edma_hw_access.o
 .debug_aranges
                0x00000aa8      0x220 ./SDK/platform/drivers/src/edma/edma_driver.o
 .debug_aranges
                0x00000cc8       0x38 ./SDK/platform/drivers/src/clock/clock_manager.o
 .debug_aranges
                0x00000d00      0x370 ./SDK/platform/drivers/src/clock/S32K1xx/clock_S32K1xx.o
 .debug_aranges
                0x00001070       0x20 ./SDK/platform/devices/startup.o
 .debug_aranges
                0x00001090       0x30 ./SDK/platform/devices/S32K116/startup/system_S32K116.o
 .debug_aranges
                0x000010c0       0x20 ./Project_Settings/Startup_Code/startup_S32K116.o
 .debug_aranges
                0x000010e0       0x18 ./Generated_Code/pin_mux.o
 .debug_aranges
                0x000010f8       0x18 ./Generated_Code/lpspiCom1.o
 .debug_aranges
                0x00001110       0x18 ./Generated_Code/clockMan1.o
 .debug_aranges
                0x00001128       0x18 ./Generated_Code/canCom1.o

.debug_ranges   0x00000000      0xf80
 .debug_ranges  0x00000000       0x20 ./Sources/main.o
 .debug_ranges  0x00000020       0x88 ./SDK/rtos/osif/osif_baremetal.o
 .debug_ranges  0x000000a8       0x28 ./SDK/platform/drivers/src/pins/pins_port_hw_access.o
 .debug_ranges  0x000000d0      0x160 ./SDK/platform/drivers/src/pins/pins_driver.o
 .debug_ranges  0x00000230       0x80 ./SDK/platform/drivers/src/lpspi/lpspi_slave_driver.o
 .debug_ranges  0x000002b0       0x60 ./SDK/platform/drivers/src/lpspi/lpspi_shared_function.o
 .debug_ranges  0x00000310       0xd0 ./SDK/platform/drivers/src/lpspi/lpspi_master_driver.o
 .debug_ranges  0x000003e0       0x10 ./SDK/platform/drivers/src/lpspi/lpspi_irq.o
 .debug_ranges  0x000003f0       0xc8 ./SDK/platform/drivers/src/lpspi/lpspi_hw_access.o
 .debug_ranges  0x000004b8       0x58 ./SDK/platform/drivers/src/interrupt/interrupt_manager.o
 .debug_ranges  0x00000510       0x18 ./SDK/platform/drivers/src/flexcan/flexcan_irq.o
 .debug_ranges  0x00000528      0x130 ./SDK/platform/drivers/src/flexcan/flexcan_hw_access.o
 .debug_ranges  0x00000658      0x250 ./SDK/platform/drivers/src/flexcan/flexcan_driver.o
 .debug_ranges  0x000008a8       0x98 ./SDK/platform/drivers/src/edma/edma_irq.o
 .debug_ranges  0x00000940       0x78 ./SDK/platform/drivers/src/edma/edma_hw_access.o
 .debug_ranges  0x000009b8      0x210 ./SDK/platform/drivers/src/edma/edma_driver.o
 .debug_ranges  0x00000bc8       0x28 ./SDK/platform/drivers/src/clock/clock_manager.o
 .debug_ranges  0x00000bf0      0x360 ./SDK/platform/drivers/src/clock/S32K1xx/clock_S32K1xx.o
 .debug_ranges  0x00000f50       0x10 ./SDK/platform/devices/startup.o
 .debug_ranges  0x00000f60       0x20 ./SDK/platform/devices/S32K116/startup/system_S32K116.o

.debug_macro    0x00000000    0x1cbf0
 .debug_macro   0x00000000      0x20d ./Sources/main.o
 .debug_macro   0x0000020d      0x81a ./Sources/main.o
 .debug_macro   0x00000a27       0x52 ./Sources/main.o
 .debug_macro   0x00000a79       0xa0 ./Sources/main.o
 .debug_macro   0x00000b19       0x16 ./Sources/main.o
 .debug_macro   0x00000b2f       0x10 ./Sources/main.o
 .debug_macro   0x00000b3f       0x6b ./Sources/main.o
 .debug_macro   0x00000baa       0x16 ./Sources/main.o
 .debug_macro   0x00000bc0       0x64 ./Sources/main.o
 .debug_macro   0x00000c24      0x185 ./Sources/main.o
 .debug_macro   0x00000da9      0x140 ./Sources/main.o
 .debug_macro   0x00000ee9       0x9d ./Sources/main.o
 .debug_macro   0x00000f86       0x10 ./Sources/main.o
 .debug_macro   0x00000f96      0x15b ./Sources/main.o
 .debug_macro   0x000010f1       0x28 ./Sources/main.o
 .debug_macro   0x00001119       0x58 ./Sources/main.o
 .debug_macro   0x00001171     0xc62a ./Sources/main.o
 .debug_macro   0x0000d79b      0x8b1 ./Sources/main.o
 .debug_macro   0x0000e04c       0x22 ./Sources/main.o
 .debug_macro   0x0000e06e       0x71 ./Sources/main.o
 .debug_macro   0x0000e0df       0x16 ./Sources/main.o
 .debug_macro   0x0000e0f5       0x16 ./Sources/main.o
 .debug_macro   0x0000e10b       0x16 ./Sources/main.o
 .debug_macro   0x0000e121       0x16 ./Sources/main.o
 .debug_macro   0x0000e137       0x10 ./Sources/main.o
 .debug_macro   0x0000e147       0x22 ./Sources/main.o
 .debug_macro   0x0000e169       0x16 ./Sources/main.o
 .debug_macro   0x0000e17f       0x16 ./Sources/main.o
 .debug_macro   0x0000e195       0x10 ./Sources/main.o
 .debug_macro   0x0000e1a5      0x14f ./SDK/rtos/osif/osif_baremetal.o
 .debug_macro   0x0000e2f4     0xc63c ./SDK/rtos/osif/osif_baremetal.o
 .debug_macro   0x0001a930      0x135 ./SDK/platform/drivers/src/pins/pins_port_hw_access.o
 .debug_macro   0x0001aa65      0x1af ./SDK/platform/drivers/src/pins/pins_port_hw_access.o
 .debug_macro   0x0001ac14      0x13b ./SDK/platform/drivers/src/pins/pins_driver.o
 .debug_macro   0x0001ad4f      0x1a0 ./SDK/platform/drivers/src/lpspi/lpspi_slave_driver.o
 .debug_macro   0x0001aeef       0x10 ./SDK/platform/drivers/src/lpspi/lpspi_slave_driver.o
 .debug_macro   0x0001aeff       0x10 ./SDK/platform/drivers/src/lpspi/lpspi_slave_driver.o
 .debug_macro   0x0001af0f      0x172 ./SDK/platform/drivers/src/lpspi/lpspi_shared_function.o
 .debug_macro   0x0001b081       0x1c ./SDK/platform/drivers/src/lpspi/lpspi_shared_function.o
 .debug_macro   0x0001b09d      0x1a6 ./SDK/platform/drivers/src/lpspi/lpspi_master_driver.o
 .debug_macro   0x0001b243      0x173 ./SDK/platform/drivers/src/lpspi/lpspi_irq.o
 .debug_macro   0x0001b3b6      0x154 ./SDK/platform/drivers/src/lpspi/lpspi_hw_access.o
 .debug_macro   0x0001b50a       0xe4 ./SDK/platform/drivers/src/interrupt/interrupt_manager.o
 .debug_macro   0x0001b5ee       0xe4 ./SDK/platform/drivers/src/flexcan/flexcan_irq.o
 .debug_macro   0x0001b6d2      0x235 ./SDK/platform/drivers/src/flexcan/flexcan_hw_access.o
 .debug_macro   0x0001b907       0xcb ./SDK/platform/drivers/src/flexcan/flexcan_hw_access.o
 .debug_macro   0x0001b9d2      0x174 ./SDK/platform/drivers/src/flexcan/flexcan_driver.o
 .debug_macro   0x0001bb46      0x12e ./SDK/platform/drivers/src/edma/edma_irq.o
 .debug_macro   0x0001bc74      0x12a ./SDK/platform/drivers/src/edma/edma_hw_access.o
 .debug_macro   0x0001bd9e      0x14b ./SDK/platform/drivers/src/edma/edma_driver.o
 .debug_macro   0x0001bee9      0x134 ./SDK/platform/drivers/src/clock/clock_manager.o
 .debug_macro   0x0001c01d      0x2ac ./SDK/platform/drivers/src/clock/S32K1xx/clock_S32K1xx.o
 .debug_macro   0x0001c2c9       0xe4 ./SDK/platform/devices/startup.o
 .debug_macro   0x0001c3ad       0xe3 ./SDK/platform/devices/S32K116/startup/system_S32K116.o
 .debug_macro   0x0001c490      0x13a ./Generated_Code/pin_mux.o
 .debug_macro   0x0001c5ca      0x204 ./Generated_Code/lpspiCom1.o
 .debug_macro   0x0001c7ce       0x1c ./Generated_Code/lpspiCom1.o
 .debug_macro   0x0001c7ea       0x10 ./Generated_Code/lpspiCom1.o
 .debug_macro   0x0001c7fa      0x1f9 ./Generated_Code/clockMan1.o
 .debug_macro   0x0001c9f3      0x1fd ./Generated_Code/canCom1.o

.debug_line     0x00000000     0xa197
 .debug_line    0x00000000      0x62e ./Sources/main.o
 .debug_line    0x0000062e      0x55e ./SDK/rtos/osif/osif_baremetal.o
 .debug_line    0x00000b8c      0x45f ./SDK/platform/drivers/src/pins/pins_port_hw_access.o
 .debug_line    0x00000feb      0x73a ./SDK/platform/drivers/src/pins/pins_driver.o
 .debug_line    0x00001725      0x70a ./SDK/platform/drivers/src/lpspi/lpspi_slave_driver.o
 .debug_line    0x00001e2f      0x620 ./SDK/platform/drivers/src/lpspi/lpspi_shared_function.o
 .debug_line    0x0000244f      0x834 ./SDK/platform/drivers/src/lpspi/lpspi_master_driver.o
 .debug_line    0x00002c83      0x4b5 ./SDK/platform/drivers/src/lpspi/lpspi_irq.o
 .debug_line    0x00003138      0x746 ./SDK/platform/drivers/src/lpspi/lpspi_hw_access.o
 .debug_line    0x0000387e      0x46b ./SDK/platform/drivers/src/interrupt/interrupt_manager.o
 .debug_line    0x00003ce9      0x311 ./SDK/platform/drivers/src/flexcan/flexcan_irq.o
 .debug_line    0x00003ffa      0xacc ./SDK/platform/drivers/src/flexcan/flexcan_hw_access.o
 .debug_line    0x00004ac6      0xc60 ./SDK/platform/drivers/src/flexcan/flexcan_driver.o
 .debug_line    0x00005726      0x519 ./SDK/platform/drivers/src/edma/edma_irq.o
 .debug_line    0x00005c3f      0x56e ./SDK/platform/drivers/src/edma/edma_hw_access.o
 .debug_line    0x000061ad      0xd24 ./SDK/platform/drivers/src/edma/edma_driver.o
 .debug_line    0x00006ed1      0x4c1 ./SDK/platform/drivers/src/clock/clock_manager.o
 .debug_line    0x00007392     0x1375 ./SDK/platform/drivers/src/clock/S32K1xx/clock_S32K1xx.o
 .debug_line    0x00008707      0x270 ./SDK/platform/devices/startup.o
 .debug_line    0x00008977      0x34b ./SDK/platform/devices/S32K116/startup/system_S32K116.o
 .debug_line    0x00008cc2       0x85 ./Project_Settings/Startup_Code/startup_S32K116.o
 .debug_line    0x00008d47      0x37e ./Generated_Code/pin_mux.o
 .debug_line    0x000090c5      0x59c ./Generated_Code/lpspiCom1.o
 .debug_line    0x00009661      0x59c ./Generated_Code/clockMan1.o
 .debug_line    0x00009bfd      0x59a ./Generated_Code/canCom1.o

.debug_str      0x00000000    0x613d3
 .debug_str     0x00000000    0x5a3d4 ./Sources/main.o
                              0x5a4e4 (size before relaxing)
 .debug_str     0x0005a3d4      0x1f1 ./SDK/rtos/osif/osif_baremetal.o
                              0x58765 (size before relaxing)
 .debug_str     0x0005a5c5      0x16c ./SDK/platform/drivers/src/pins/pins_port_hw_access.o
                              0x585aa (size before relaxing)
 .debug_str     0x0005a731      0x49a ./SDK/platform/drivers/src/pins/pins_driver.o
                              0x589be (size before relaxing)
 .debug_str     0x0005abcb      0x875 ./SDK/platform/drivers/src/lpspi/lpspi_slave_driver.o
                              0x591c1 (size before relaxing)
 .debug_str     0x0005b440      0x1cd ./SDK/platform/drivers/src/lpspi/lpspi_shared_function.o
                              0x5854d (size before relaxing)
 .debug_str     0x0005b60d      0x399 ./SDK/platform/drivers/src/lpspi/lpspi_master_driver.o
                              0x5945c (size before relaxing)
 .debug_str     0x0005b9a6       0x40 ./SDK/platform/drivers/src/lpspi/lpspi_irq.o
                              0x57b68 (size before relaxing)
 .debug_str     0x0005b9e6      0x50e ./SDK/platform/drivers/src/lpspi/lpspi_hw_access.o
                              0x58ff1 (size before relaxing)
 .debug_str     0x0005bef4      0x1fe ./SDK/platform/drivers/src/interrupt/interrupt_manager.o
                              0x57b6d (size before relaxing)
 .debug_str     0x0005c0f2       0x7e ./SDK/platform/drivers/src/flexcan/flexcan_irq.o
                              0x5776f (size before relaxing)
 .debug_str     0x0005c170     0x13b8 ./SDK/platform/drivers/src/flexcan/flexcan_hw_access.o
                              0x59740 (size before relaxing)
 .debug_str     0x0005d528      0x935 ./SDK/platform/drivers/src/flexcan/flexcan_driver.o
                              0x59e2d (size before relaxing)
 .debug_str     0x0005de5d      0x22b ./SDK/platform/drivers/src/edma/edma_irq.o
                              0x57b8e (size before relaxing)
 .debug_str     0x0005e088      0x404 ./SDK/platform/drivers/src/edma/edma_hw_access.o
                              0x57e89 (size before relaxing)
 .debug_str     0x0005e48c      0xfc9 ./SDK/platform/drivers/src/edma/edma_driver.o
                              0x59d57 (size before relaxing)
 .debug_str     0x0005f455      0x19a ./SDK/platform/drivers/src/clock/clock_manager.o
                              0x59634 (size before relaxing)
 .debug_str     0x0005f5ef     0x1b62 ./SDK/platform/drivers/src/clock/S32K1xx/clock_S32K1xx.o
                              0x5aecc (size before relaxing)
 .debug_str     0x00061151      0x119 ./SDK/platform/devices/startup.o
                              0x57894 (size before relaxing)
 .debug_str     0x0006126a       0xb1 ./SDK/platform/devices/S32K116/startup/system_S32K116.o
                              0x5792b (size before relaxing)
 .debug_str     0x0006131b       0x1c ./Generated_Code/pin_mux.o
                              0x57c5c (size before relaxing)
 .debug_str     0x00061337       0x35 ./Generated_Code/lpspiCom1.o
                              0x58345 (size before relaxing)
 .debug_str     0x0006136c       0x4b ./Generated_Code/clockMan1.o
                              0x597bd (size before relaxing)
 .debug_str     0x000613b7       0x1c ./Generated_Code/canCom1.o
                              0x58622 (size before relaxing)

.comment        0x00000000       0x70
 .comment       0x00000000       0x70 ./Sources/main.o
                                 0x71 (size before relaxing)
 .comment       0x00000000       0x71 ./SDK/rtos/osif/osif_baremetal.o
 .comment       0x00000000       0x71 ./SDK/platform/drivers/src/pins/pins_port_hw_access.o
 .comment       0x00000000       0x71 ./SDK/platform/drivers/src/pins/pins_driver.o
 .comment       0x00000000       0x71 ./SDK/platform/drivers/src/lpspi/lpspi_slave_driver.o
 .comment       0x00000000       0x71 ./SDK/platform/drivers/src/lpspi/lpspi_shared_function.o
 .comment       0x00000000       0x71 ./SDK/platform/drivers/src/lpspi/lpspi_master_driver.o
 .comment       0x00000000       0x71 ./SDK/platform/drivers/src/lpspi/lpspi_irq.o
 .comment       0x00000000       0x71 ./SDK/platform/drivers/src/lpspi/lpspi_hw_access.o
 .comment       0x00000000       0x71 ./SDK/platform/drivers/src/interrupt/interrupt_manager.o
 .comment       0x00000000       0x71 ./SDK/platform/drivers/src/flexcan/flexcan_irq.o
 .comment       0x00000000       0x71 ./SDK/platform/drivers/src/flexcan/flexcan_hw_access.o
 .comment       0x00000000       0x71 ./SDK/platform/drivers/src/flexcan/flexcan_driver.o
 .comment       0x00000000       0x71 ./SDK/platform/drivers/src/edma/edma_irq.o
 .comment       0x00000000       0x71 ./SDK/platform/drivers/src/edma/edma_hw_access.o
 .comment       0x00000000       0x71 ./SDK/platform/drivers/src/edma/edma_driver.o
 .comment       0x00000000       0x71 ./SDK/platform/drivers/src/clock/clock_manager.o
 .comment       0x00000000       0x71 ./SDK/platform/drivers/src/clock/S32K1xx/clock_S32K1xx.o
 .comment       0x00000000       0x71 ./SDK/platform/devices/startup.o
 .comment       0x00000000       0x71 ./SDK/platform/devices/S32K116/startup/system_S32K116.o
 .comment       0x00000000       0x71 ./Generated_Code/pin_mux.o
 .comment       0x00000000       0x71 ./Generated_Code/lpspiCom1.o
 .comment       0x00000000       0x71 ./Generated_Code/clockMan1.o
 .comment       0x00000000       0x71 ./Generated_Code/canCom1.o

.debug_frame    0x00000000     0x3cb0
 .debug_frame   0x00000000       0x64 ./Sources/main.o
 .debug_frame   0x00000064      0x1f8 ./SDK/rtos/osif/osif_baremetal.o
 .debug_frame   0x0000025c       0x90 ./SDK/platform/drivers/src/pins/pins_port_hw_access.o
 .debug_frame   0x000002ec      0x570 ./SDK/platform/drivers/src/pins/pins_driver.o
 .debug_frame   0x0000085c      0x1f4 ./SDK/platform/drivers/src/lpspi/lpspi_slave_driver.o
 .debug_frame   0x00000a50      0x170 ./SDK/platform/drivers/src/lpspi/lpspi_shared_function.o
 .debug_frame   0x00000bc0      0x334 ./SDK/platform/drivers/src/lpspi/lpspi_master_driver.o
 .debug_frame   0x00000ef4       0x2c ./SDK/platform/drivers/src/lpspi/lpspi_irq.o
 .debug_frame   0x00000f20      0x310 ./SDK/platform/drivers/src/lpspi/lpspi_hw_access.o
 .debug_frame   0x00001230      0x148 ./SDK/platform/drivers/src/interrupt/interrupt_manager.o
 .debug_frame   0x00001378       0x48 ./SDK/platform/drivers/src/flexcan/flexcan_irq.o
 .debug_frame   0x000013c0      0x4b4 ./SDK/platform/drivers/src/flexcan/flexcan_hw_access.o
 .debug_frame   0x00001874      0x940 ./SDK/platform/drivers/src/flexcan/flexcan_driver.o
 .debug_frame   0x000021b4      0x210 ./SDK/platform/drivers/src/edma/edma_irq.o
 .debug_frame   0x000023c4      0x1d0 ./SDK/platform/drivers/src/edma/edma_hw_access.o
 .debug_frame   0x00002594      0x838 ./SDK/platform/drivers/src/edma/edma_driver.o
 .debug_frame   0x00002dcc       0x8c ./SDK/platform/drivers/src/clock/clock_manager.o
 .debug_frame   0x00002e58      0xd7c ./SDK/platform/drivers/src/clock/S32K1xx/clock_S32K1xx.o
 .debug_frame   0x00003bd4       0x30 ./SDK/platform/devices/startup.o
 .debug_frame   0x00003c04       0x6c ./SDK/platform/devices/S32K116/startup/system_S32K116.o
 .debug_frame   0x00003c70       0x20 c:/nxp/s32ds_arm_v2018.r1/cross_tools/gcc-arm-none-eabi-4_9/bin/../lib/gcc/arm-none-eabi/4.9.3/armv6-m\libgcc.a(_udivsi3.o)
 .debug_frame   0x00003c90       0x20 c:/nxp/s32ds_arm_v2018.r1/cross_tools/gcc-arm-none-eabi-4_9/bin/../lib/gcc/arm-none-eabi/4.9.3/armv6-m\libgcc.a(_divsi3.o)
